Archive member included because of file (symbol)

d:/imt/00- imt tools/02-arm/03- imt sdk/imt_sdk_win_64/winavr/bin/../lib/gcc/avr/4.3.3/avr5\libgcc.a(_mulsi3.o)
                              ./main.o (__mulsi3)
d:/imt/00- imt tools/02-arm/03- imt sdk/imt_sdk_win_64/winavr/bin/../lib/gcc/avr/4.3.3/avr5\libgcc.a(_divmodhi4.o)
                              ./LCD_program.o (__divmodhi4)
d:/imt/00- imt tools/02-arm/03- imt sdk/imt_sdk_win_64/winavr/bin/../lib/gcc/avr/4.3.3/avr5\libgcc.a(_udivmodsi4.o)
                              ./main.o (__udivmodsi4)
d:/imt/00- imt tools/02-arm/03- imt sdk/imt_sdk_win_64/winavr/bin/../lib/gcc/avr/4.3.3/avr5\libgcc.a(_exit.o)
                              d:/imt/00- imt tools/02-arm/03- imt sdk/imt_sdk_win_64/winavr/bin/../lib/gcc/avr/4.3.3/../../../../avr/lib/avr5/crtm32.o (exit)
d:/imt/00- imt tools/02-arm/03- imt sdk/imt_sdk_win_64/winavr/bin/../lib/gcc/avr/4.3.3/avr5\libgcc.a(_copy_data.o)
                              ./Keybad_program.o (__do_copy_data)
d:/imt/00- imt tools/02-arm/03- imt sdk/imt_sdk_win_64/winavr/bin/../lib/gcc/avr/4.3.3/avr5\libgcc.a(_clear_bss.o)
                              ./EXTI_program.o (__do_clear_bss)
d:/imt/00- imt tools/02-arm/03- imt sdk/imt_sdk_win_64/winavr/bin/../lib/gcc/avr/4.3.3/avr5\libgcc.a(_fixunssfsi.o)
                              ./EEPROM_program.o (__fixunssfsi)
d:/imt/00- imt tools/02-arm/03- imt sdk/imt_sdk_win_64/winavr/bin/../lib/gcc/avr/4.3.3/avr5\libgcc.a(_addsub_sf.o)
                              d:/imt/00- imt tools/02-arm/03- imt sdk/imt_sdk_win_64/winavr/bin/../lib/gcc/avr/4.3.3/avr5\libgcc.a(_fixunssfsi.o) (__subsf3)
d:/imt/00- imt tools/02-arm/03- imt sdk/imt_sdk_win_64/winavr/bin/../lib/gcc/avr/4.3.3/avr5\libgcc.a(_mul_sf.o)
                              ./EEPROM_program.o (__mulsf3)
d:/imt/00- imt tools/02-arm/03- imt sdk/imt_sdk_win_64/winavr/bin/../lib/gcc/avr/4.3.3/avr5\libgcc.a(_gt_sf.o)
                              ./EEPROM_program.o (__gtsf2)
d:/imt/00- imt tools/02-arm/03- imt sdk/imt_sdk_win_64/winavr/bin/../lib/gcc/avr/4.3.3/avr5\libgcc.a(_ge_sf.o)
                              d:/imt/00- imt tools/02-arm/03- imt sdk/imt_sdk_win_64/winavr/bin/../lib/gcc/avr/4.3.3/avr5\libgcc.a(_fixunssfsi.o) (__gesf2)
d:/imt/00- imt tools/02-arm/03- imt sdk/imt_sdk_win_64/winavr/bin/../lib/gcc/avr/4.3.3/avr5\libgcc.a(_lt_sf.o)
                              ./EEPROM_program.o (__ltsf2)
d:/imt/00- imt tools/02-arm/03- imt sdk/imt_sdk_win_64/winavr/bin/../lib/gcc/avr/4.3.3/avr5\libgcc.a(_sf_to_si.o)
                              d:/imt/00- imt tools/02-arm/03- imt sdk/imt_sdk_win_64/winavr/bin/../lib/gcc/avr/4.3.3/avr5\libgcc.a(_fixunssfsi.o) (__fixsfsi)
d:/imt/00- imt tools/02-arm/03- imt sdk/imt_sdk_win_64/winavr/bin/../lib/gcc/avr/4.3.3/avr5\libgcc.a(_thenan_sf.o)
                              d:/imt/00- imt tools/02-arm/03- imt sdk/imt_sdk_win_64/winavr/bin/../lib/gcc/avr/4.3.3/avr5\libgcc.a(_addsub_sf.o) (__thenan_sf)
d:/imt/00- imt tools/02-arm/03- imt sdk/imt_sdk_win_64/winavr/bin/../lib/gcc/avr/4.3.3/avr5\libgcc.a(_udivmodhi4.o)
                              d:/imt/00- imt tools/02-arm/03- imt sdk/imt_sdk_win_64/winavr/bin/../lib/gcc/avr/4.3.3/avr5\libgcc.a(_divmodhi4.o) (__udivmodhi4)
d:/imt/00- imt tools/02-arm/03- imt sdk/imt_sdk_win_64/winavr/bin/../lib/gcc/avr/4.3.3/avr5\libgcc.a(_prologue.o)
                              d:/imt/00- imt tools/02-arm/03- imt sdk/imt_sdk_win_64/winavr/bin/../lib/gcc/avr/4.3.3/avr5\libgcc.a(_addsub_sf.o) (__prologue_saves__)
d:/imt/00- imt tools/02-arm/03- imt sdk/imt_sdk_win_64/winavr/bin/../lib/gcc/avr/4.3.3/avr5\libgcc.a(_epilogue.o)
                              d:/imt/00- imt tools/02-arm/03- imt sdk/imt_sdk_win_64/winavr/bin/../lib/gcc/avr/4.3.3/avr5\libgcc.a(_addsub_sf.o) (__epilogue_restores__)
d:/imt/00- imt tools/02-arm/03- imt sdk/imt_sdk_win_64/winavr/bin/../lib/gcc/avr/4.3.3/avr5\libgcc.a(_pack_sf.o)
                              d:/imt/00- imt tools/02-arm/03- imt sdk/imt_sdk_win_64/winavr/bin/../lib/gcc/avr/4.3.3/avr5\libgcc.a(_addsub_sf.o) (__pack_f)
d:/imt/00- imt tools/02-arm/03- imt sdk/imt_sdk_win_64/winavr/bin/../lib/gcc/avr/4.3.3/avr5\libgcc.a(_unpack_sf.o)
                              d:/imt/00- imt tools/02-arm/03- imt sdk/imt_sdk_win_64/winavr/bin/../lib/gcc/avr/4.3.3/avr5\libgcc.a(_addsub_sf.o) (__unpack_f)
d:/imt/00- imt tools/02-arm/03- imt sdk/imt_sdk_win_64/winavr/bin/../lib/gcc/avr/4.3.3/avr5\libgcc.a(_fpcmp_parts_sf.o)
                              d:/imt/00- imt tools/02-arm/03- imt sdk/imt_sdk_win_64/winavr/bin/../lib/gcc/avr/4.3.3/avr5\libgcc.a(_gt_sf.o) (__fpcmp_parts_f)
d:/imt/00- imt tools/02-arm/03- imt sdk/imt_sdk_win_64/winavr/bin/../lib/gcc/avr/4.3.3/../../../../avr/lib/avr5\libc.a(itoa.o)
                              ./LCD_program.o (itoa)
d:/imt/00- imt tools/02-arm/03- imt sdk/imt_sdk_win_64/winavr/bin/../lib/gcc/avr/4.3.3/../../../../avr/lib/avr5\libc.a(strrev.o)
                              d:/imt/00- imt tools/02-arm/03- imt sdk/imt_sdk_win_64/winavr/bin/../lib/gcc/avr/4.3.3/../../../../avr/lib/avr5\libc.a(itoa.o) (strrev)

Allocating common symbols
Common symbol       size              file

TIM1_pfCmpBCallBack
                    0x2               ./TIM1.o
TIM1_pfIcuCallBack  0x2               ./TIM1.o
TIM1_pfOvfCallBack  0x2               ./TIM1.o
TIM1_pfCmpACallBack
                    0x2               ./TIM1.o

Memory Configuration

Name             Origin             Length             Attributes
text             0x00000000         0x00020000         xr
data             0x00800060         0x0000ffa0         rw !x
eeprom           0x00810000         0x00010000         rw !x
fuse             0x00820000         0x00000400         rw !x
lock             0x00830000         0x00000400         rw !x
signature        0x00840000         0x00000400         rw !x
*default*        0x00000000         0xffffffff

Linker script and memory map

LOAD d:/imt/00- imt tools/02-arm/03- imt sdk/imt_sdk_win_64/winavr/bin/../lib/gcc/avr/4.3.3/../../../../avr/lib/avr5/crtm32.o
LOAD ./ADC_program.o
LOAD ./DC_motor_program.o
LOAD ./DIO_program.o
LOAD ./EEPROM_program.o
LOAD ./EXTI_program.o
LOAD ./Global_Interrupt_program.o
LOAD ./Keybad_program.o
LOAD ./LCD_program.o
LOAD ./MTWI_program.o
LOAD ./TIM1.o
LOAD ./TIMER0_program.o
LOAD ./main.o
LOAD d:/imt/00- imt tools/02-arm/03- imt sdk/imt_sdk_win_64/winavr/bin/../lib/gcc/avr/4.3.3/avr5\libgcc.a
LOAD d:/imt/00- imt tools/02-arm/03- imt sdk/imt_sdk_win_64/winavr/bin/../lib/gcc/avr/4.3.3/../../../../avr/lib/avr5\libc.a
LOAD d:/imt/00- imt tools/02-arm/03- imt sdk/imt_sdk_win_64/winavr/bin/../lib/gcc/avr/4.3.3/avr5\libgcc.a

.hash
 *(.hash)

.dynsym
 *(.dynsym)

.dynstr
 *(.dynstr)

.gnu.version
 *(.gnu.version)

.gnu.version_d
 *(.gnu.version_d)

.gnu.version_r
 *(.gnu.version_r)

.rel.init
 *(.rel.init)

.rela.init
 *(.rela.init)

.rel.text
 *(.rel.text)
 *(.rel.text.*)
 *(.rel.gnu.linkonce.t*)

.rela.text
 *(.rela.text)
 *(.rela.text.*)
 *(.rela.gnu.linkonce.t*)

.rel.fini
 *(.rel.fini)

.rela.fini
 *(.rela.fini)

.rel.rodata
 *(.rel.rodata)
 *(.rel.rodata.*)
 *(.rel.gnu.linkonce.r*)

.rela.rodata
 *(.rela.rodata)
 *(.rela.rodata.*)
 *(.rela.gnu.linkonce.r*)

.rel.data
 *(.rel.data)
 *(.rel.data.*)
 *(.rel.gnu.linkonce.d*)

.rela.data
 *(.rela.data)
 *(.rela.data.*)
 *(.rela.gnu.linkonce.d*)

.rel.ctors
 *(.rel.ctors)

.rela.ctors
 *(.rela.ctors)

.rel.dtors
 *(.rel.dtors)

.rela.dtors
 *(.rela.dtors)

.rel.got
 *(.rel.got)

.rela.got
 *(.rela.got)

.rel.bss
 *(.rel.bss)

.rela.bss
 *(.rela.bss)

.rel.plt
 *(.rel.plt)

.rela.plt
 *(.rela.plt)

.text           0x00000000     0x59ba
 *(.vectors)
 .vectors       0x00000000       0x54 d:/imt/00- imt tools/02-arm/03- imt sdk/imt_sdk_win_64/winavr/bin/../lib/gcc/avr/4.3.3/../../../../avr/lib/avr5/crtm32.o
                0x00000000                __vectors
                0x00000000                __vector_default
 *(.vectors)
 *(.progmem.gcc*)
 *(.progmem*)
                0x00000054                . = ALIGN (0x2)
                0x00000054                __trampolines_start = .
 *(.trampolines)
 .trampolines   0x00000054        0x0 linker stubs
 *(.trampolines*)
                0x00000054                __trampolines_end = .
 *(.jumptables)
 *(.jumptables*)
 *(.lowtext)
 *(.lowtext*)
                0x00000054                __ctors_start = .
 *(.ctors)
                0x00000054                __ctors_end = .
                0x00000054                __dtors_start = .
 *(.dtors)
                0x00000054                __dtors_end = .
 SORT(*)(.ctors)
 SORT(*)(.dtors)
 *(.init0)
 .init0         0x00000054        0x0 d:/imt/00- imt tools/02-arm/03- imt sdk/imt_sdk_win_64/winavr/bin/../lib/gcc/avr/4.3.3/../../../../avr/lib/avr5/crtm32.o
                0x00000054                __init
 *(.init0)
 *(.init1)
 *(.init1)
 *(.init2)
 .init2         0x00000054        0xc d:/imt/00- imt tools/02-arm/03- imt sdk/imt_sdk_win_64/winavr/bin/../lib/gcc/avr/4.3.3/../../../../avr/lib/avr5/crtm32.o
 *(.init2)
 *(.init3)
 *(.init3)
 *(.init4)
 .init4         0x00000060       0x16 d:/imt/00- imt tools/02-arm/03- imt sdk/imt_sdk_win_64/winavr/bin/../lib/gcc/avr/4.3.3/avr5\libgcc.a(_copy_data.o)
                0x00000060                __do_copy_data
 .init4         0x00000076       0x10 d:/imt/00- imt tools/02-arm/03- imt sdk/imt_sdk_win_64/winavr/bin/../lib/gcc/avr/4.3.3/avr5\libgcc.a(_clear_bss.o)
                0x00000076                __do_clear_bss
 *(.init4)
 *(.init5)
 *(.init5)
 *(.init6)
 *(.init6)
 *(.init7)
 *(.init7)
 *(.init8)
 *(.init8)
 *(.init9)
 .init9         0x00000086        0x8 d:/imt/00- imt tools/02-arm/03- imt sdk/imt_sdk_win_64/winavr/bin/../lib/gcc/avr/4.3.3/../../../../avr/lib/avr5/crtm32.o
 *(.init9)
 *(.text)
 .text          0x0000008e        0x4 d:/imt/00- imt tools/02-arm/03- imt sdk/imt_sdk_win_64/winavr/bin/../lib/gcc/avr/4.3.3/../../../../avr/lib/avr5/crtm32.o
                0x0000008e                __vector_12
                0x0000008e                __bad_interrupt
                0x0000008e                __vector_13
                0x0000008e                __vector_17
                0x0000008e                __vector_19
                0x0000008e                __vector_5
                0x0000008e                __vector_4
                0x0000008e                __vector_15
                0x0000008e                __vector_14
                0x0000008e                __vector_16
                0x0000008e                __vector_18
                0x0000008e                __vector_20
 .text          0x00000092        0x0 ./ADC_program.o
 .text          0x00000092        0x0 ./DC_motor_program.o
 .text          0x00000092        0x0 ./DIO_program.o
 .text          0x00000092        0x0 ./EEPROM_program.o
 .text          0x00000092        0x0 ./EXTI_program.o
 .text          0x00000092        0x0 ./Global_Interrupt_program.o
 .text          0x00000092        0x0 ./Keybad_program.o
 .text          0x00000092        0x0 ./LCD_program.o
 .text          0x00000092        0x0 ./MTWI_program.o
 .text          0x00000092        0x0 ./TIM1.o
 .text          0x00000092        0x0 ./TIMER0_program.o
 .text          0x00000092        0x0 ./main.o
 .text          0x00000092        0x0 d:/imt/00- imt tools/02-arm/03- imt sdk/imt_sdk_win_64/winavr/bin/../lib/gcc/avr/4.3.3/avr5\libgcc.a(_mulsi3.o)
 .text          0x00000092        0x0 d:/imt/00- imt tools/02-arm/03- imt sdk/imt_sdk_win_64/winavr/bin/../lib/gcc/avr/4.3.3/avr5\libgcc.a(_divmodhi4.o)
 .text          0x00000092        0x0 d:/imt/00- imt tools/02-arm/03- imt sdk/imt_sdk_win_64/winavr/bin/../lib/gcc/avr/4.3.3/avr5\libgcc.a(_udivmodsi4.o)
 .text          0x00000092        0x0 d:/imt/00- imt tools/02-arm/03- imt sdk/imt_sdk_win_64/winavr/bin/../lib/gcc/avr/4.3.3/avr5\libgcc.a(_exit.o)
 .text          0x00000092        0x0 d:/imt/00- imt tools/02-arm/03- imt sdk/imt_sdk_win_64/winavr/bin/../lib/gcc/avr/4.3.3/avr5\libgcc.a(_copy_data.o)
 .text          0x00000092        0x0 d:/imt/00- imt tools/02-arm/03- imt sdk/imt_sdk_win_64/winavr/bin/../lib/gcc/avr/4.3.3/avr5\libgcc.a(_clear_bss.o)
 .text          0x00000092       0x58 d:/imt/00- imt tools/02-arm/03- imt sdk/imt_sdk_win_64/winavr/bin/../lib/gcc/avr/4.3.3/avr5\libgcc.a(_fixunssfsi.o)
                0x00000092                __fixunssfsi
 .text          0x000000ea      0x354 d:/imt/00- imt tools/02-arm/03- imt sdk/imt_sdk_win_64/winavr/bin/../lib/gcc/avr/4.3.3/avr5\libgcc.a(_addsub_sf.o)
                0x00000382                __subsf3
                0x000003e4                __addsf3
 .text          0x0000043e      0x1f4 d:/imt/00- imt tools/02-arm/03- imt sdk/imt_sdk_win_64/winavr/bin/../lib/gcc/avr/4.3.3/avr5\libgcc.a(_mul_sf.o)
                0x0000043e                __mulsf3
 .text          0x00000632       0x60 d:/imt/00- imt tools/02-arm/03- imt sdk/imt_sdk_win_64/winavr/bin/../lib/gcc/avr/4.3.3/avr5\libgcc.a(_gt_sf.o)
                0x00000632                __gtsf2
 .text          0x00000692       0x60 d:/imt/00- imt tools/02-arm/03- imt sdk/imt_sdk_win_64/winavr/bin/../lib/gcc/avr/4.3.3/avr5\libgcc.a(_ge_sf.o)
                0x00000692                __gesf2
 .text          0x000006f2       0x60 d:/imt/00- imt tools/02-arm/03- imt sdk/imt_sdk_win_64/winavr/bin/../lib/gcc/avr/4.3.3/avr5\libgcc.a(_lt_sf.o)
                0x000006f2                __ltsf2
 .text          0x00000752       0xa8 d:/imt/00- imt tools/02-arm/03- imt sdk/imt_sdk_win_64/winavr/bin/../lib/gcc/avr/4.3.3/avr5\libgcc.a(_sf_to_si.o)
                0x00000752                __fixsfsi
 .text          0x000007fa        0x0 d:/imt/00- imt tools/02-arm/03- imt sdk/imt_sdk_win_64/winavr/bin/../lib/gcc/avr/4.3.3/avr5\libgcc.a(_thenan_sf.o)
 .text          0x000007fa        0x0 d:/imt/00- imt tools/02-arm/03- imt sdk/imt_sdk_win_64/winavr/bin/../lib/gcc/avr/4.3.3/avr5\libgcc.a(_udivmodhi4.o)
 .text          0x000007fa        0x0 d:/imt/00- imt tools/02-arm/03- imt sdk/imt_sdk_win_64/winavr/bin/../lib/gcc/avr/4.3.3/avr5\libgcc.a(_prologue.o)
 .text          0x000007fa        0x0 d:/imt/00- imt tools/02-arm/03- imt sdk/imt_sdk_win_64/winavr/bin/../lib/gcc/avr/4.3.3/avr5\libgcc.a(_epilogue.o)
 .text          0x000007fa      0x1aa d:/imt/00- imt tools/02-arm/03- imt sdk/imt_sdk_win_64/winavr/bin/../lib/gcc/avr/4.3.3/avr5\libgcc.a(_pack_sf.o)
                0x000007fa                __pack_f
 .text          0x000009a4       0xf0 d:/imt/00- imt tools/02-arm/03- imt sdk/imt_sdk_win_64/winavr/bin/../lib/gcc/avr/4.3.3/avr5\libgcc.a(_unpack_sf.o)
                0x000009a4                __unpack_f
 .text          0x00000a94       0xb2 d:/imt/00- imt tools/02-arm/03- imt sdk/imt_sdk_win_64/winavr/bin/../lib/gcc/avr/4.3.3/avr5\libgcc.a(_fpcmp_parts_sf.o)
                0x00000a94                __fpcmp_parts_f
 .text          0x00000b46        0x0 d:/imt/00- imt tools/02-arm/03- imt sdk/imt_sdk_win_64/winavr/bin/../lib/gcc/avr/4.3.3/../../../../avr/lib/avr5\libc.a(itoa.o)
 .text          0x00000b46        0x0 d:/imt/00- imt tools/02-arm/03- imt sdk/imt_sdk_win_64/winavr/bin/../lib/gcc/avr/4.3.3/../../../../avr/lib/avr5\libc.a(strrev.o)
                0x00000b46                . = ALIGN (0x2)
 *(.text.*)
 .text.ADC_Init
                0x00000b46       0x70 ./ADC_program.o
                0x00000b46                ADC_Init
 .text.ADC_Read
                0x00000bb6       0x6e ./ADC_program.o
                0x00000bb6                ADC_Read
 .text.DCM_voidRotateCW
                0x00000c24       0x22 ./DC_motor_program.o
                0x00000c24                DCM_voidRotateCW
 .text.DCM_voidRotateCCW
                0x00000c46       0x22 ./DC_motor_program.o
                0x00000c46                DCM_voidRotateCCW
 .text.DCM_voidStop
                0x00000c68       0x22 ./DC_motor_program.o
                0x00000c68                DCM_voidStop
 .text.DIO_voidInit
                0x00000c8a       0x2e ./DIO_program.o
                0x00000c8a                DIO_voidInit
 .text.DIO_voidWritePin
                0x00000cb8      0x1c8 ./DIO_program.o
                0x00000cb8                DIO_voidWritePin
 .text.DIO_u8ReadPin
                0x00000e80      0x156 ./DIO_program.o
                0x00000e80                DIO_u8ReadPin
 .text.DIO_voidTogglePin
                0x00000fd6       0xfc ./DIO_program.o
                0x00000fd6                DIO_voidTogglePin
 .text.DIO_voidWritePort
                0x000010d2       0x84 ./DIO_program.o
                0x000010d2                DIO_voidWritePort
 .text.DIO_voidPullUpState
                0x00001156      0x168 ./DIO_program.o
                0x00001156                DIO_voidPullUpState
 .text.EEPROM_vRead
                0x000012be       0x44 ./EEPROM_program.o
                0x000012be                EEPROM_vRead
 .text.EEPROM_vWrite
                0x00001302      0x128 ./EEPROM_program.o
                0x00001302                EEPROM_vWrite
 .text.EEPROM_vWritePage
                0x0000142a      0x150 ./EEPROM_program.o
                0x0000142a                EEPROM_vWritePage
 .text.EXT_INTERRUPT_VID_INIT
                0x0000157a       0x54 ./EXTI_program.o
                0x0000157a                EXT_INTERRUPT_VID_INIT
 .text.EXT0_VID_SET_CALL_BACK
                0x000015ce       0x24 ./EXTI_program.o
                0x000015ce                EXT0_VID_SET_CALL_BACK
 .text.EXT1_VID_SET_CALL_BACK
                0x000015f2       0x24 ./EXTI_program.o
                0x000015f2                EXT1_VID_SET_CALL_BACK
 .text.EXT2_VID_SET_CALL_BACK
                0x00001616       0x24 ./EXTI_program.o
                0x00001616                EXT2_VID_SET_CALL_BACK
 .text.__vector_1
                0x0000163a       0x5a ./EXTI_program.o
                0x0000163a                __vector_1
 .text.__vector_2
                0x00001694       0x5a ./EXTI_program.o
                0x00001694                __vector_2
 .text.__vector_3
                0x000016ee       0x5a ./EXTI_program.o
                0x000016ee                __vector_3
 .text.EXT_INTERRUPT_VID_ENABLE
                0x00001748       0x6e ./EXTI_program.o
                0x00001748                EXT_INTERRUPT_VID_ENABLE
 .text.EXT_INTERRUPT_VID_SET_MODE
                0x000017b6       0xba ./EXTI_program.o
                0x000017b6                EXT_INTERRUPT_VID_SET_MODE
 .text.Global_Interrupt_Enable
                0x00001870       0x1c ./Global_Interrupt_program.o
                0x00001870                Global_Interrupt_Enable
 .text.Global_Interrupt_Disable
                0x0000188c       0x1c ./Global_Interrupt_program.o
                0x0000188c                Global_Interrupt_Disable
 .text.KPD_init
                0x000018a8       0x48 ./Keybad_program.o
                0x000018a8                KPD_init
 .text.KPD_GetKey
                0x000018f0      0x1ae ./Keybad_program.o
                0x000018f0                KPD_GetKey
 .text.LCD_vidInit
                0x00001a9e      0x65a ./LCD_program.o
                0x00001a9e                LCD_vidInit
 .text.LCD_vidSendCommand
                0x000020f8      0x146 ./LCD_program.o
                0x000020f8                LCD_vidSendCommand
 .text.LCD_vidWriteCharctr
                0x0000223e      0x146 ./LCD_program.o
                0x0000223e                LCD_vidWriteCharctr
 .text.LCD_vidWriteString
                0x00002384       0x38 ./LCD_program.o
                0x00002384                LCD_vidWriteString
 .text.LCD_WRITE_STRING
                0x000023bc       0x86 ./LCD_program.o
                0x000023bc                LCD_WRITE_STRING
 .text.Gotoxy   0x00002442       0x56 ./LCD_program.o
                0x00002442                Gotoxy
 .text.LCD_vidWriteExtraChar
                0x00002498       0x66 ./LCD_program.o
                0x00002498                LCD_vidWriteExtraChar
 .text.custom_itoa
                0x000024fe      0x1be ./LCD_program.o
                0x000024fe                custom_itoa
 .text.LCD_writeNum_u8
                0x000026bc       0x46 ./LCD_program.o
                0x000026bc                LCD_writeNum_u8
 .text.LCD_writeNum_u32
                0x00002702       0x4a ./LCD_program.o
                0x00002702                LCD_writeNum_u32
 .text.TWI_vMasterInit
                0x0000274c       0x48 ./MTWI_program.o
                0x0000274c                TWI_vMasterInit
 .text.TWI_vSlaveInit
                0x00002794       0x32 ./MTWI_program.o
                0x00002794                TWI_vSlaveInit
 .text.TWI_enStartCondition
                0x000027c6       0x6e ./MTWI_program.o
                0x000027c6                TWI_enStartCondition
 .text.TWI_enRepeateStart
                0x00002834       0x6e ./MTWI_program.o
                0x00002834                TWI_enRepeateStart
 .text.TWI_enSetSlaveAddressWithWrite
                0x000028a2       0x88 ./MTWI_program.o
                0x000028a2                TWI_enSetSlaveAddressWithWrite
 .text.TWI_enSetSlaveAddressWithRead
                0x0000292a       0x8a ./MTWI_program.o
                0x0000292a                TWI_enSetSlaveAddressWithRead
 .text.TWI_enMasterWriteData
                0x000029b4       0x6c ./MTWI_program.o
                0x000029b4                TWI_enMasterWriteData
 .text.TWI_enMasterReadData
                0x00002a20       0x76 ./MTWI_program.o
                0x00002a20                TWI_enMasterReadData
 .text.TWI_vStopCondition
                0x00002a96       0x38 ./MTWI_program.o
                0x00002a96                TWI_vStopCondition
 .text.TIM1_voidInit
                0x00002ace      0x12c ./TIM1.o
                0x00002ace                TIM1_voidInit
 .text.TIM1_voidEnable
                0x00002bfa       0x36 ./TIM1.o
                0x00002bfa                TIM1_voidEnable
 .text.TIM1_voidDisable
                0x00002c30       0x1c ./TIM1.o
                0x00002c30                TIM1_voidDisable
 .text.TIM1_voidEnableOvfInt
                0x00002c4c       0x1c ./TIM1.o
                0x00002c4c                TIM1_voidEnableOvfInt
 .text.TIM1_voidDisableOvfInt
                0x00002c68       0x1c ./TIM1.o
                0x00002c68                TIM1_voidDisableOvfInt
 .text.TIM1_voidEnableCmpAInt
                0x00002c84       0x1c ./TIM1.o
                0x00002c84                TIM1_voidEnableCmpAInt
 .text.TIM1_voidDisableCmpAInt
                0x00002ca0       0x1c ./TIM1.o
                0x00002ca0                TIM1_voidDisableCmpAInt
 .text.TIM1_voidEnableCmpBInt
                0x00002cbc       0x1c ./TIM1.o
                0x00002cbc                TIM1_voidEnableCmpBInt
 .text.TIM1_voidDisableCmpBInt
                0x00002cd8       0x1c ./TIM1.o
                0x00002cd8                TIM1_voidDisableCmpBInt
 .text.TIM1_voidEnableIcu
                0x00002cf4       0x1c ./TIM1.o
                0x00002cf4                TIM1_voidEnableIcu
 .text.TIM1_voidDisableIcu
                0x00002d10       0x1c ./TIM1.o
                0x00002d10                TIM1_voidDisableIcu
 .text.TIM1_voidSetCallbackOvfInt
                0x00002d2c       0x24 ./TIM1.o
                0x00002d2c                TIM1_voidSetCallbackOvfInt
 .text.TIM1_voidSetCallbackCompAInt
                0x00002d50       0x24 ./TIM1.o
                0x00002d50                TIM1_voidSetCallbackCompAInt
 .text.TIM1_voidSetCallbackCompBInt
                0x00002d74       0x24 ./TIM1.o
                0x00002d74                TIM1_voidSetCallbackCompBInt
 .text.TIM1_voidSetCallbackIcu
                0x00002d98       0x24 ./TIM1.o
                0x00002d98                TIM1_voidSetCallbackIcu
 .text.TIM1_voidSetTimerValue
                0x00002dbc       0x2e ./TIM1.o
                0x00002dbc                TIM1_voidSetTimerValue
 .text.TIM1_voidSetCmpARegValue
                0x00002dea       0x2e ./TIM1.o
                0x00002dea                TIM1_voidSetCmpARegValue
 .text.TIM1_voidSetCmpBRegValue
                0x00002e18       0x2e ./TIM1.o
                0x00002e18                TIM1_voidSetCmpBRegValue
 .text.TIM1_voidSetIcuRegValue
                0x00002e46       0x24 ./TIM1.o
                0x00002e46                TIM1_voidSetIcuRegValue
 .text.TIM1_u8ReadTimerValue
                0x00002e6a       0x48 ./TIM1.o
                0x00002e6a                TIM1_u8ReadTimerValue
 .text.__vector_9
                0x00002eb2       0x5a ./TIM1.o
                0x00002eb2                __vector_9
 .text.__vector_7
                0x00002f0c       0x5a ./TIM1.o
                0x00002f0c                __vector_7
 .text.__vector_8
                0x00002f66       0x5a ./TIM1.o
                0x00002f66                __vector_8
 .text.__vector_6
                0x00002fc0       0x5a ./TIM1.o
                0x00002fc0                __vector_6
 .text.TIM1_u16GetIcuValue
                0x0000301a       0x16 ./TIM1.o
                0x0000301a                TIM1_u16GetIcuValue
 .text.ICU_voidRisingEdge
                0x00003030       0x1c ./TIM1.o
                0x00003030                ICU_voidRisingEdge
 .text.ICU_voidFallenEdge
                0x0000304c       0x1c ./TIM1.o
                0x0000304c                ICU_voidFallenEdge
 .text.TIM0_voidInit
                0x00003068       0x46 ./TIMER0_program.o
                0x00003068                TIM0_voidInit
 .text.TIM0_voidEnable
                0x000030ae       0x32 ./TIMER0_program.o
                0x000030ae                TIM0_voidEnable
 .text.TIM0_voidDisable
                0x000030e0       0x1c ./TIMER0_program.o
                0x000030e0                TIM0_voidDisable
 .text.TIM0_voidEnableOvfINt
                0x000030fc       0x1c ./TIMER0_program.o
                0x000030fc                TIM0_voidEnableOvfINt
 .text.TIM0_voidDisableOvfINt
                0x00003118       0x1c ./TIMER0_program.o
                0x00003118                TIM0_voidDisableOvfINt
 .text.TIM0_voidEnableComparINt
                0x00003134       0x1c ./TIMER0_program.o
                0x00003134                TIM0_voidEnableComparINt
 .text.TIM0_voidDisableCompareINt
                0x00003150       0x1c ./TIMER0_program.o
                0x00003150                TIM0_voidDisableCompareINt
 .text.TIM0_voidSetTCNTValue
                0x0000316c       0x1c ./TIMER0_program.o
                0x0000316c                TIM0_voidSetTCNTValue
 .text.TIM0_voidSetOCRValue
                0x00003188       0x1c ./TIMER0_program.o
                0x00003188                TIM0_voidSetOCRValue
 .text.TIM0_u8ReadTcntReg
                0x000031a4       0x14 ./TIMER0_program.o
                0x000031a4                TIM0_u8ReadTcntReg
 .text.TIM0_voidSetCallBackOvfInt
                0x000031b8       0x24 ./TIMER0_program.o
                0x000031b8                TIM0_voidSetCallBackOvfInt
 .text.TIM0_voidSetCallBackCompareInt
                0x000031dc       0x24 ./TIMER0_program.o
                0x000031dc                TIM0_voidSetCallBackCompareInt
 .text.__vector_11
                0x00003200       0x66 ./TIMER0_program.o
                0x00003200                __vector_11
 .text.__vector_10
                0x00003266       0x66 ./TIMER0_program.o
                0x00003266                __vector_10
 .text.main     0x000032cc     0x1de4 ./main.o
                0x000032cc                main
 .text.SET_PASS
                0x000050b0      0x356 ./main.o
                0x000050b0                SET_PASS
 .text.ENTER_PASS
                0x00005406      0x346 ./main.o
                0x00005406                ENTER_PASS
 .text.ISR_LM35_Timer0
                0x0000574c       0xca ./main.o
                0x0000574c                ISR_LM35_Timer0
 .text.libgcc   0x00005816       0x3e d:/imt/00- imt tools/02-arm/03- imt sdk/imt_sdk_win_64/winavr/bin/../lib/gcc/avr/4.3.3/avr5\libgcc.a(_mulsi3.o)
                0x00005816                __mulsi3
 .text.libgcc   0x00005854       0x26 d:/imt/00- imt tools/02-arm/03- imt sdk/imt_sdk_win_64/winavr/bin/../lib/gcc/avr/4.3.3/avr5\libgcc.a(_divmodhi4.o)
                0x00005854                __divmodhi4
                0x00005854                _div
 .text.libgcc   0x0000587a       0x44 d:/imt/00- imt tools/02-arm/03- imt sdk/imt_sdk_win_64/winavr/bin/../lib/gcc/avr/4.3.3/avr5\libgcc.a(_udivmodsi4.o)
                0x0000587a                __udivmodsi4
 .text.libgcc   0x000058be        0x0 d:/imt/00- imt tools/02-arm/03- imt sdk/imt_sdk_win_64/winavr/bin/../lib/gcc/avr/4.3.3/avr5\libgcc.a(_exit.o)
 .text.libgcc   0x000058be        0x0 d:/imt/00- imt tools/02-arm/03- imt sdk/imt_sdk_win_64/winavr/bin/../lib/gcc/avr/4.3.3/avr5\libgcc.a(_copy_data.o)
 .text.libgcc   0x000058be        0x0 d:/imt/00- imt tools/02-arm/03- imt sdk/imt_sdk_win_64/winavr/bin/../lib/gcc/avr/4.3.3/avr5\libgcc.a(_clear_bss.o)
 .text.libgcc   0x000058be       0x28 d:/imt/00- imt tools/02-arm/03- imt sdk/imt_sdk_win_64/winavr/bin/../lib/gcc/avr/4.3.3/avr5\libgcc.a(_udivmodhi4.o)
                0x000058be                __udivmodhi4
 .text.libgcc   0x000058e6       0x38 d:/imt/00- imt tools/02-arm/03- imt sdk/imt_sdk_win_64/winavr/bin/../lib/gcc/avr/4.3.3/avr5\libgcc.a(_prologue.o)
                0x000058e6                __prologue_saves__
 .text.libgcc   0x0000591e       0x36 d:/imt/00- imt tools/02-arm/03- imt sdk/imt_sdk_win_64/winavr/bin/../lib/gcc/avr/4.3.3/avr5\libgcc.a(_epilogue.o)
                0x0000591e                __epilogue_restores__
 .text.avr-libc
                0x00005954       0x42 d:/imt/00- imt tools/02-arm/03- imt sdk/imt_sdk_win_64/winavr/bin/../lib/gcc/avr/4.3.3/../../../../avr/lib/avr5\libc.a(itoa.o)
                0x00005954                itoa
 .text.avr-libc
                0x00005996       0x20 d:/imt/00- imt tools/02-arm/03- imt sdk/imt_sdk_win_64/winavr/bin/../lib/gcc/avr/4.3.3/../../../../avr/lib/avr5\libc.a(strrev.o)
                0x00005996                strrev
                0x000059b6                . = ALIGN (0x2)
 *(.fini9)
 .fini9         0x000059b6        0x0 d:/imt/00- imt tools/02-arm/03- imt sdk/imt_sdk_win_64/winavr/bin/../lib/gcc/avr/4.3.3/avr5\libgcc.a(_exit.o)
                0x000059b6                exit
                0x000059b6                _exit
 *(.fini9)
 *(.fini8)
 *(.fini8)
 *(.fini7)
 *(.fini7)
 *(.fini6)
 *(.fini6)
 *(.fini5)
 *(.fini5)
 *(.fini4)
 *(.fini4)
 *(.fini3)
 *(.fini3)
 *(.fini2)
 *(.fini2)
 *(.fini1)
 *(.fini1)
 *(.fini0)
 .fini0         0x000059b6        0x4 d:/imt/00- imt tools/02-arm/03- imt sdk/imt_sdk_win_64/winavr/bin/../lib/gcc/avr/4.3.3/avr5\libgcc.a(_exit.o)
 *(.fini0)
                0x000059ba                _etext = .

.data           0x00800060      0x150 load address 0x000059ba
                0x00800060                PROVIDE (__data_start, .)
 *(.data)
 .data          0x00800060        0x0 d:/imt/00- imt tools/02-arm/03- imt sdk/imt_sdk_win_64/winavr/bin/../lib/gcc/avr/4.3.3/../../../../avr/lib/avr5/crtm32.o
 .data          0x00800060        0x0 ./ADC_program.o
 .data          0x00800060        0x0 ./DC_motor_program.o
 .data          0x00800060        0x0 ./DIO_program.o
 .data          0x00800060        0x0 ./EEPROM_program.o
 .data          0x00800060        0x0 ./EXTI_program.o
 .data          0x00800060        0x0 ./Global_Interrupt_program.o
 .data          0x00800060        0x0 ./Keybad_program.o
 .data          0x00800060        0x0 ./LCD_program.o
 .data          0x00800060        0x0 ./MTWI_program.o
 .data          0x00800060        0x0 ./TIM1.o
 .data          0x00800060        0x0 ./TIMER0_program.o
 .data          0x00800060      0x117 ./main.o
 .data          0x00800177        0x0 d:/imt/00- imt tools/02-arm/03- imt sdk/imt_sdk_win_64/winavr/bin/../lib/gcc/avr/4.3.3/avr5\libgcc.a(_mulsi3.o)
 .data          0x00800177        0x0 d:/imt/00- imt tools/02-arm/03- imt sdk/imt_sdk_win_64/winavr/bin/../lib/gcc/avr/4.3.3/avr5\libgcc.a(_divmodhi4.o)
 .data          0x00800177        0x0 d:/imt/00- imt tools/02-arm/03- imt sdk/imt_sdk_win_64/winavr/bin/../lib/gcc/avr/4.3.3/avr5\libgcc.a(_udivmodsi4.o)
 .data          0x00800177        0x0 d:/imt/00- imt tools/02-arm/03- imt sdk/imt_sdk_win_64/winavr/bin/../lib/gcc/avr/4.3.3/avr5\libgcc.a(_exit.o)
 .data          0x00800177        0x0 d:/imt/00- imt tools/02-arm/03- imt sdk/imt_sdk_win_64/winavr/bin/../lib/gcc/avr/4.3.3/avr5\libgcc.a(_copy_data.o)
 .data          0x00800177        0x0 d:/imt/00- imt tools/02-arm/03- imt sdk/imt_sdk_win_64/winavr/bin/../lib/gcc/avr/4.3.3/avr5\libgcc.a(_clear_bss.o)
 .data          0x00800177        0x0 d:/imt/00- imt tools/02-arm/03- imt sdk/imt_sdk_win_64/winavr/bin/../lib/gcc/avr/4.3.3/avr5\libgcc.a(_fixunssfsi.o)
 .data          0x00800177        0x0 d:/imt/00- imt tools/02-arm/03- imt sdk/imt_sdk_win_64/winavr/bin/../lib/gcc/avr/4.3.3/avr5\libgcc.a(_addsub_sf.o)
 .data          0x00800177        0x0 d:/imt/00- imt tools/02-arm/03- imt sdk/imt_sdk_win_64/winavr/bin/../lib/gcc/avr/4.3.3/avr5\libgcc.a(_mul_sf.o)
 .data          0x00800177        0x0 d:/imt/00- imt tools/02-arm/03- imt sdk/imt_sdk_win_64/winavr/bin/../lib/gcc/avr/4.3.3/avr5\libgcc.a(_gt_sf.o)
 .data          0x00800177        0x0 d:/imt/00- imt tools/02-arm/03- imt sdk/imt_sdk_win_64/winavr/bin/../lib/gcc/avr/4.3.3/avr5\libgcc.a(_ge_sf.o)
 .data          0x00800177        0x0 d:/imt/00- imt tools/02-arm/03- imt sdk/imt_sdk_win_64/winavr/bin/../lib/gcc/avr/4.3.3/avr5\libgcc.a(_lt_sf.o)
 .data          0x00800177        0x0 d:/imt/00- imt tools/02-arm/03- imt sdk/imt_sdk_win_64/winavr/bin/../lib/gcc/avr/4.3.3/avr5\libgcc.a(_sf_to_si.o)
 .data          0x00800177        0x8 d:/imt/00- imt tools/02-arm/03- imt sdk/imt_sdk_win_64/winavr/bin/../lib/gcc/avr/4.3.3/avr5\libgcc.a(_thenan_sf.o)
                0x00800177                __thenan_sf
 .data          0x0080017f        0x0 d:/imt/00- imt tools/02-arm/03- imt sdk/imt_sdk_win_64/winavr/bin/../lib/gcc/avr/4.3.3/avr5\libgcc.a(_udivmodhi4.o)
 .data          0x0080017f        0x0 d:/imt/00- imt tools/02-arm/03- imt sdk/imt_sdk_win_64/winavr/bin/../lib/gcc/avr/4.3.3/avr5\libgcc.a(_prologue.o)
 .data          0x0080017f        0x0 d:/imt/00- imt tools/02-arm/03- imt sdk/imt_sdk_win_64/winavr/bin/../lib/gcc/avr/4.3.3/avr5\libgcc.a(_epilogue.o)
 .data          0x0080017f        0x0 d:/imt/00- imt tools/02-arm/03- imt sdk/imt_sdk_win_64/winavr/bin/../lib/gcc/avr/4.3.3/avr5\libgcc.a(_pack_sf.o)
 .data          0x0080017f        0x0 d:/imt/00- imt tools/02-arm/03- imt sdk/imt_sdk_win_64/winavr/bin/../lib/gcc/avr/4.3.3/avr5\libgcc.a(_unpack_sf.o)
 .data          0x0080017f        0x0 d:/imt/00- imt tools/02-arm/03- imt sdk/imt_sdk_win_64/winavr/bin/../lib/gcc/avr/4.3.3/avr5\libgcc.a(_fpcmp_parts_sf.o)
 .data          0x0080017f        0x0 d:/imt/00- imt tools/02-arm/03- imt sdk/imt_sdk_win_64/winavr/bin/../lib/gcc/avr/4.3.3/../../../../avr/lib/avr5\libc.a(itoa.o)
 .data          0x0080017f        0x0 d:/imt/00- imt tools/02-arm/03- imt sdk/imt_sdk_win_64/winavr/bin/../lib/gcc/avr/4.3.3/../../../../avr/lib/avr5\libc.a(strrev.o)
 *(.data*)
 .data.KPD_arr  0x0080017f       0x10 ./Keybad_program.o
                0x0080017f                KPD_arr
 *(.rodata)
 *(.rodata*)
 .rodata.ExtraChar
                0x0080018f       0x20 ./main.o
                0x0080018f                ExtraChar
 *(.gnu.linkonce.d*)
                0x008001b0                . = ALIGN (0x2)
 *fill*         0x008001af        0x1 00
                0x008001b0                _edata = .
                0x008001b0                PROVIDE (__data_end, .)

.bss            0x008001b0       0x1a
                0x008001b0                PROVIDE (__bss_start, .)
 *(.bss)
 .bss           0x008001b0        0x0 d:/imt/00- imt tools/02-arm/03- imt sdk/imt_sdk_win_64/winavr/bin/../lib/gcc/avr/4.3.3/../../../../avr/lib/avr5/crtm32.o
 .bss           0x008001b0        0x0 ./ADC_program.o
 .bss           0x008001b0        0x0 ./DC_motor_program.o
 .bss           0x008001b0        0x0 ./DIO_program.o
 .bss           0x008001b0        0x0 ./EEPROM_program.o
 .bss           0x008001b0        0x0 ./EXTI_program.o
 .bss           0x008001b0        0x0 ./Global_Interrupt_program.o
 .bss           0x008001b0        0x0 ./Keybad_program.o
 .bss           0x008001b0        0x0 ./LCD_program.o
 .bss           0x008001b0        0x0 ./MTWI_program.o
 .bss           0x008001b0        0x0 ./TIM1.o
 .bss           0x008001b0        0x0 ./TIMER0_program.o
 .bss           0x008001b0        0x0 ./main.o
 .bss           0x008001b0        0x0 d:/imt/00- imt tools/02-arm/03- imt sdk/imt_sdk_win_64/winavr/bin/../lib/gcc/avr/4.3.3/avr5\libgcc.a(_mulsi3.o)
 .bss           0x008001b0        0x0 d:/imt/00- imt tools/02-arm/03- imt sdk/imt_sdk_win_64/winavr/bin/../lib/gcc/avr/4.3.3/avr5\libgcc.a(_divmodhi4.o)
 .bss           0x008001b0        0x0 d:/imt/00- imt tools/02-arm/03- imt sdk/imt_sdk_win_64/winavr/bin/../lib/gcc/avr/4.3.3/avr5\libgcc.a(_udivmodsi4.o)
 .bss           0x008001b0        0x0 d:/imt/00- imt tools/02-arm/03- imt sdk/imt_sdk_win_64/winavr/bin/../lib/gcc/avr/4.3.3/avr5\libgcc.a(_exit.o)
 .bss           0x008001b0        0x0 d:/imt/00- imt tools/02-arm/03- imt sdk/imt_sdk_win_64/winavr/bin/../lib/gcc/avr/4.3.3/avr5\libgcc.a(_copy_data.o)
 .bss           0x008001b0        0x0 d:/imt/00- imt tools/02-arm/03- imt sdk/imt_sdk_win_64/winavr/bin/../lib/gcc/avr/4.3.3/avr5\libgcc.a(_clear_bss.o)
 .bss           0x008001b0        0x0 d:/imt/00- imt tools/02-arm/03- imt sdk/imt_sdk_win_64/winavr/bin/../lib/gcc/avr/4.3.3/avr5\libgcc.a(_fixunssfsi.o)
 .bss           0x008001b0        0x0 d:/imt/00- imt tools/02-arm/03- imt sdk/imt_sdk_win_64/winavr/bin/../lib/gcc/avr/4.3.3/avr5\libgcc.a(_addsub_sf.o)
 .bss           0x008001b0        0x0 d:/imt/00- imt tools/02-arm/03- imt sdk/imt_sdk_win_64/winavr/bin/../lib/gcc/avr/4.3.3/avr5\libgcc.a(_mul_sf.o)
 .bss           0x008001b0        0x0 d:/imt/00- imt tools/02-arm/03- imt sdk/imt_sdk_win_64/winavr/bin/../lib/gcc/avr/4.3.3/avr5\libgcc.a(_gt_sf.o)
 .bss           0x008001b0        0x0 d:/imt/00- imt tools/02-arm/03- imt sdk/imt_sdk_win_64/winavr/bin/../lib/gcc/avr/4.3.3/avr5\libgcc.a(_ge_sf.o)
 .bss           0x008001b0        0x0 d:/imt/00- imt tools/02-arm/03- imt sdk/imt_sdk_win_64/winavr/bin/../lib/gcc/avr/4.3.3/avr5\libgcc.a(_lt_sf.o)
 .bss           0x008001b0        0x0 d:/imt/00- imt tools/02-arm/03- imt sdk/imt_sdk_win_64/winavr/bin/../lib/gcc/avr/4.3.3/avr5\libgcc.a(_sf_to_si.o)
 .bss           0x008001b0        0x0 d:/imt/00- imt tools/02-arm/03- imt sdk/imt_sdk_win_64/winavr/bin/../lib/gcc/avr/4.3.3/avr5\libgcc.a(_thenan_sf.o)
 .bss           0x008001b0        0x0 d:/imt/00- imt tools/02-arm/03- imt sdk/imt_sdk_win_64/winavr/bin/../lib/gcc/avr/4.3.3/avr5\libgcc.a(_udivmodhi4.o)
 .bss           0x008001b0        0x0 d:/imt/00- imt tools/02-arm/03- imt sdk/imt_sdk_win_64/winavr/bin/../lib/gcc/avr/4.3.3/avr5\libgcc.a(_prologue.o)
 .bss           0x008001b0        0x0 d:/imt/00- imt tools/02-arm/03- imt sdk/imt_sdk_win_64/winavr/bin/../lib/gcc/avr/4.3.3/avr5\libgcc.a(_epilogue.o)
 .bss           0x008001b0        0x0 d:/imt/00- imt tools/02-arm/03- imt sdk/imt_sdk_win_64/winavr/bin/../lib/gcc/avr/4.3.3/avr5\libgcc.a(_pack_sf.o)
 .bss           0x008001b0        0x0 d:/imt/00- imt tools/02-arm/03- imt sdk/imt_sdk_win_64/winavr/bin/../lib/gcc/avr/4.3.3/avr5\libgcc.a(_unpack_sf.o)
 .bss           0x008001b0        0x0 d:/imt/00- imt tools/02-arm/03- imt sdk/imt_sdk_win_64/winavr/bin/../lib/gcc/avr/4.3.3/avr5\libgcc.a(_fpcmp_parts_sf.o)
 .bss           0x008001b0        0x0 d:/imt/00- imt tools/02-arm/03- imt sdk/imt_sdk_win_64/winavr/bin/../lib/gcc/avr/4.3.3/../../../../avr/lib/avr5\libc.a(itoa.o)
 .bss           0x008001b0        0x0 d:/imt/00- imt tools/02-arm/03- imt sdk/imt_sdk_win_64/winavr/bin/../lib/gcc/avr/4.3.3/../../../../avr/lib/avr5\libc.a(strrev.o)
 *(.bss*)
 .bss.EXTI0_CALLBACK_PTR
                0x008001b0        0x2 ./EXTI_program.o
                0x008001b0                EXTI0_CALLBACK_PTR
 .bss.EXTI1_CALLBACK_PTR
                0x008001b2        0x2 ./EXTI_program.o
                0x008001b2                EXTI1_CALLBACK_PTR
 .bss.EXTI2_CALLBACK_PTR
                0x008001b4        0x2 ./EXTI_program.o
                0x008001b4                EXTI2_CALLBACK_PTR
 .bss.TIM0_pfOVFCallBack
                0x008001b6        0x2 ./TIMER0_program.o
                0x008001b6                TIM0_pfOVFCallBack
 .bss.TIM0_pfCmpCallBack
                0x008001b8        0x2 ./TIMER0_program.o
                0x008001b8                TIM0_pfCmpCallBack
 .bss.spiro     0x008001ba        0x1 ./main.o
                0x008001ba                spiro
 .bss.Bigcola   0x008001bb        0x1 ./main.o
                0x008001bb                Bigcola
 .bss.Temperature
                0x008001bc        0x4 ./main.o
                0x008001bc                Temperature
 .bss.Local_u8Counter.1732
                0x008001c0        0x2 ./main.o
 *(COMMON)
 COMMON         0x008001c2        0x8 ./TIM1.o
                0x008001c2                TIM1_pfCmpBCallBack
                0x008001c4                TIM1_pfIcuCallBack
                0x008001c6                TIM1_pfOvfCallBack
                0x008001c8                TIM1_pfCmpACallBack
                0x008001ca                PROVIDE (__bss_end, .)
                0x000059ba                __data_load_start = LOADADDR (.data)
                0x00005b0a                __data_load_end = (__data_load_start + SIZEOF (.data))

.noinit         0x008001ca        0x0
                0x008001ca                PROVIDE (__noinit_start, .)
 *(.noinit*)
                0x008001ca                PROVIDE (__noinit_end, .)
                0x008001ca                _end = .
                0x008001ca                PROVIDE (__heap_start, .)

.eeprom         0x00810000        0x0
 *(.eeprom*)
                0x00810000                __eeprom_end = .

.fuse
 *(.fuse)
 *(.lfuse)
 *(.hfuse)
 *(.efuse)

.lock
 *(.lock*)

.signature
 *(.signature*)

.stab           0x00000000     0x55c8
 *(.stab)
 .stab          0x00000000      0x27c ./ADC_program.o
 .stab          0x0000027c      0x240 ./DC_motor_program.o
                                0x24c (size before relaxing)
 .stab          0x000004bc      0x48c ./DIO_program.o
                                0x540 (size before relaxing)
 .stab          0x00000948      0x5f4 ./EEPROM_program.o
                                0x6a8 (size before relaxing)
 .stab          0x00000f3c      0x378 ./EXTI_program.o
                                0x42c (size before relaxing)
 .stab          0x000012b4      0x144 ./Global_Interrupt_program.o
                                0x1f8 (size before relaxing)
 .stab          0x000013f8      0x3a8 ./Keybad_program.o
                                0x5e8 (size before relaxing)
 .stab          0x000017a0      0xcf0 ./LCD_program.o
                                0xf30 (size before relaxing)
 .stab          0x00002490      0x630 ./MTWI_program.o
                                0x708 (size before relaxing)
 .stab          0x00002ac0      0x828 ./TIM1.o
                                0x8dc (size before relaxing)
 .stab          0x000032e8      0x420 ./TIMER0_program.o
                                0x4d4 (size before relaxing)
 .stab          0x00003708     0x1ec0 ./main.o
                               0x2124 (size before relaxing)

.stabstr        0x00000000     0x19c5
 *(.stabstr)
 .stabstr       0x00000000     0x19c5 ./ADC_program.o

.stab.excl
 *(.stab.excl)

.stab.exclstr
 *(.stab.exclstr)

.stab.index
 *(.stab.index)

.stab.indexstr
 *(.stab.indexstr)

.comment
 *(.comment)

.debug
 *(.debug)

.line
 *(.line)

.debug_srcinfo
 *(.debug_srcinfo)

.debug_sfnames
 *(.debug_sfnames)

.debug_aranges  0x00000000      0x140
 *(.debug_aranges)
 .debug_aranges
                0x00000000       0x20 d:/imt/00- imt tools/02-arm/03- imt sdk/imt_sdk_win_64/winavr/bin/../lib/gcc/avr/4.3.3/avr5\libgcc.a(_fixunssfsi.o)
 .debug_aranges
                0x00000020       0x20 d:/imt/00- imt tools/02-arm/03- imt sdk/imt_sdk_win_64/winavr/bin/../lib/gcc/avr/4.3.3/avr5\libgcc.a(_addsub_sf.o)
 .debug_aranges
                0x00000040       0x20 d:/imt/00- imt tools/02-arm/03- imt sdk/imt_sdk_win_64/winavr/bin/../lib/gcc/avr/4.3.3/avr5\libgcc.a(_mul_sf.o)
 .debug_aranges
                0x00000060       0x20 d:/imt/00- imt tools/02-arm/03- imt sdk/imt_sdk_win_64/winavr/bin/../lib/gcc/avr/4.3.3/avr5\libgcc.a(_gt_sf.o)
 .debug_aranges
                0x00000080       0x20 d:/imt/00- imt tools/02-arm/03- imt sdk/imt_sdk_win_64/winavr/bin/../lib/gcc/avr/4.3.3/avr5\libgcc.a(_ge_sf.o)
 .debug_aranges
                0x000000a0       0x20 d:/imt/00- imt tools/02-arm/03- imt sdk/imt_sdk_win_64/winavr/bin/../lib/gcc/avr/4.3.3/avr5\libgcc.a(_lt_sf.o)
 .debug_aranges
                0x000000c0       0x20 d:/imt/00- imt tools/02-arm/03- imt sdk/imt_sdk_win_64/winavr/bin/../lib/gcc/avr/4.3.3/avr5\libgcc.a(_sf_to_si.o)
 .debug_aranges
                0x000000e0       0x20 d:/imt/00- imt tools/02-arm/03- imt sdk/imt_sdk_win_64/winavr/bin/../lib/gcc/avr/4.3.3/avr5\libgcc.a(_pack_sf.o)
 .debug_aranges
                0x00000100       0x20 d:/imt/00- imt tools/02-arm/03- imt sdk/imt_sdk_win_64/winavr/bin/../lib/gcc/avr/4.3.3/avr5\libgcc.a(_unpack_sf.o)
 .debug_aranges
                0x00000120       0x20 d:/imt/00- imt tools/02-arm/03- imt sdk/imt_sdk_win_64/winavr/bin/../lib/gcc/avr/4.3.3/avr5\libgcc.a(_fpcmp_parts_sf.o)

.debug_pubnames
                0x00000000      0x170
 *(.debug_pubnames)
 .debug_pubnames
                0x00000000       0x23 d:/imt/00- imt tools/02-arm/03- imt sdk/imt_sdk_win_64/winavr/bin/../lib/gcc/avr/4.3.3/avr5\libgcc.a(_fixunssfsi.o)
 .debug_pubnames
                0x00000023       0x2c d:/imt/00- imt tools/02-arm/03- imt sdk/imt_sdk_win_64/winavr/bin/../lib/gcc/avr/4.3.3/avr5\libgcc.a(_addsub_sf.o)
 .debug_pubnames
                0x0000004f       0x1f d:/imt/00- imt tools/02-arm/03- imt sdk/imt_sdk_win_64/winavr/bin/../lib/gcc/avr/4.3.3/avr5\libgcc.a(_mul_sf.o)
 .debug_pubnames
                0x0000006e       0x1e d:/imt/00- imt tools/02-arm/03- imt sdk/imt_sdk_win_64/winavr/bin/../lib/gcc/avr/4.3.3/avr5\libgcc.a(_gt_sf.o)
 .debug_pubnames
                0x0000008c       0x1e d:/imt/00- imt tools/02-arm/03- imt sdk/imt_sdk_win_64/winavr/bin/../lib/gcc/avr/4.3.3/avr5\libgcc.a(_ge_sf.o)
 .debug_pubnames
                0x000000aa       0x1e d:/imt/00- imt tools/02-arm/03- imt sdk/imt_sdk_win_64/winavr/bin/../lib/gcc/avr/4.3.3/avr5\libgcc.a(_lt_sf.o)
 .debug_pubnames
                0x000000c8       0x20 d:/imt/00- imt tools/02-arm/03- imt sdk/imt_sdk_win_64/winavr/bin/../lib/gcc/avr/4.3.3/avr5\libgcc.a(_sf_to_si.o)
 .debug_pubnames
                0x000000e8       0x22 d:/imt/00- imt tools/02-arm/03- imt sdk/imt_sdk_win_64/winavr/bin/../lib/gcc/avr/4.3.3/avr5\libgcc.a(_thenan_sf.o)
 .debug_pubnames
                0x0000010a       0x1f d:/imt/00- imt tools/02-arm/03- imt sdk/imt_sdk_win_64/winavr/bin/../lib/gcc/avr/4.3.3/avr5\libgcc.a(_pack_sf.o)
 .debug_pubnames
                0x00000129       0x21 d:/imt/00- imt tools/02-arm/03- imt sdk/imt_sdk_win_64/winavr/bin/../lib/gcc/avr/4.3.3/avr5\libgcc.a(_unpack_sf.o)
 .debug_pubnames
                0x0000014a       0x26 d:/imt/00- imt tools/02-arm/03- imt sdk/imt_sdk_win_64/winavr/bin/../lib/gcc/avr/4.3.3/avr5\libgcc.a(_fpcmp_parts_sf.o)

.debug_info     0x00000000     0x1c49
 *(.debug_info)
 .debug_info    0x00000000       0xb1 d:/imt/00- imt tools/02-arm/03- imt sdk/imt_sdk_win_64/winavr/bin/../lib/gcc/avr/4.3.3/avr5\libgcc.a(_fixunssfsi.o)
 .debug_info    0x000000b1      0x47a d:/imt/00- imt tools/02-arm/03- imt sdk/imt_sdk_win_64/winavr/bin/../lib/gcc/avr/4.3.3/avr5\libgcc.a(_addsub_sf.o)
 .debug_info    0x0000052b      0x485 d:/imt/00- imt tools/02-arm/03- imt sdk/imt_sdk_win_64/winavr/bin/../lib/gcc/avr/4.3.3/avr5\libgcc.a(_mul_sf.o)
 .debug_info    0x000009b0      0x27f d:/imt/00- imt tools/02-arm/03- imt sdk/imt_sdk_win_64/winavr/bin/../lib/gcc/avr/4.3.3/avr5\libgcc.a(_gt_sf.o)
 .debug_info    0x00000c2f      0x27f d:/imt/00- imt tools/02-arm/03- imt sdk/imt_sdk_win_64/winavr/bin/../lib/gcc/avr/4.3.3/avr5\libgcc.a(_ge_sf.o)
 .debug_info    0x00000eae      0x27f d:/imt/00- imt tools/02-arm/03- imt sdk/imt_sdk_win_64/winavr/bin/../lib/gcc/avr/4.3.3/avr5\libgcc.a(_lt_sf.o)
 .debug_info    0x0000112d      0x2b0 d:/imt/00- imt tools/02-arm/03- imt sdk/imt_sdk_win_64/winavr/bin/../lib/gcc/avr/4.3.3/avr5\libgcc.a(_sf_to_si.o)
 .debug_info    0x000013dd      0x12c d:/imt/00- imt tools/02-arm/03- imt sdk/imt_sdk_win_64/winavr/bin/../lib/gcc/avr/4.3.3/avr5\libgcc.a(_thenan_sf.o)
 .debug_info    0x00001509      0x2df d:/imt/00- imt tools/02-arm/03- imt sdk/imt_sdk_win_64/winavr/bin/../lib/gcc/avr/4.3.3/avr5\libgcc.a(_pack_sf.o)
 .debug_info    0x000017e8      0x251 d:/imt/00- imt tools/02-arm/03- imt sdk/imt_sdk_win_64/winavr/bin/../lib/gcc/avr/4.3.3/avr5\libgcc.a(_unpack_sf.o)
 .debug_info    0x00001a39      0x210 d:/imt/00- imt tools/02-arm/03- imt sdk/imt_sdk_win_64/winavr/bin/../lib/gcc/avr/4.3.3/avr5\libgcc.a(_fpcmp_parts_sf.o)
 *(.gnu.linkonce.wi.*)

.debug_abbrev   0x00000000      0xeeb
 *(.debug_abbrev)
 .debug_abbrev  0x00000000       0x5d d:/imt/00- imt tools/02-arm/03- imt sdk/imt_sdk_win_64/winavr/bin/../lib/gcc/avr/4.3.3/avr5\libgcc.a(_fixunssfsi.o)
 .debug_abbrev  0x0000005d      0x1ea d:/imt/00- imt tools/02-arm/03- imt sdk/imt_sdk_win_64/winavr/bin/../lib/gcc/avr/4.3.3/avr5\libgcc.a(_addsub_sf.o)
 .debug_abbrev  0x00000247      0x21b d:/imt/00- imt tools/02-arm/03- imt sdk/imt_sdk_win_64/winavr/bin/../lib/gcc/avr/4.3.3/avr5\libgcc.a(_mul_sf.o)
 .debug_abbrev  0x00000462      0x15a d:/imt/00- imt tools/02-arm/03- imt sdk/imt_sdk_win_64/winavr/bin/../lib/gcc/avr/4.3.3/avr5\libgcc.a(_gt_sf.o)
 .debug_abbrev  0x000005bc      0x15a d:/imt/00- imt tools/02-arm/03- imt sdk/imt_sdk_win_64/winavr/bin/../lib/gcc/avr/4.3.3/avr5\libgcc.a(_ge_sf.o)
 .debug_abbrev  0x00000716      0x15a d:/imt/00- imt tools/02-arm/03- imt sdk/imt_sdk_win_64/winavr/bin/../lib/gcc/avr/4.3.3/avr5\libgcc.a(_lt_sf.o)
 .debug_abbrev  0x00000870      0x17f d:/imt/00- imt tools/02-arm/03- imt sdk/imt_sdk_win_64/winavr/bin/../lib/gcc/avr/4.3.3/avr5\libgcc.a(_sf_to_si.o)
 .debug_abbrev  0x000009ef       0xad d:/imt/00- imt tools/02-arm/03- imt sdk/imt_sdk_win_64/winavr/bin/../lib/gcc/avr/4.3.3/avr5\libgcc.a(_thenan_sf.o)
 .debug_abbrev  0x00000a9c      0x1c0 d:/imt/00- imt tools/02-arm/03- imt sdk/imt_sdk_win_64/winavr/bin/../lib/gcc/avr/4.3.3/avr5\libgcc.a(_pack_sf.o)
 .debug_abbrev  0x00000c5c      0x154 d:/imt/00- imt tools/02-arm/03- imt sdk/imt_sdk_win_64/winavr/bin/../lib/gcc/avr/4.3.3/avr5\libgcc.a(_unpack_sf.o)
 .debug_abbrev  0x00000db0      0x13b d:/imt/00- imt tools/02-arm/03- imt sdk/imt_sdk_win_64/winavr/bin/../lib/gcc/avr/4.3.3/avr5\libgcc.a(_fpcmp_parts_sf.o)

.debug_line     0x00000000      0xdad
 *(.debug_line)
 .debug_line    0x00000000       0xa7 d:/imt/00- imt tools/02-arm/03- imt sdk/imt_sdk_win_64/winavr/bin/../lib/gcc/avr/4.3.3/avr5\libgcc.a(_fixunssfsi.o)
 .debug_line    0x000000a7      0x2af d:/imt/00- imt tools/02-arm/03- imt sdk/imt_sdk_win_64/winavr/bin/../lib/gcc/avr/4.3.3/avr5\libgcc.a(_addsub_sf.o)
 .debug_line    0x00000356      0x239 d:/imt/00- imt tools/02-arm/03- imt sdk/imt_sdk_win_64/winavr/bin/../lib/gcc/avr/4.3.3/avr5\libgcc.a(_mul_sf.o)
 .debug_line    0x0000058f       0xd3 d:/imt/00- imt tools/02-arm/03- imt sdk/imt_sdk_win_64/winavr/bin/../lib/gcc/avr/4.3.3/avr5\libgcc.a(_gt_sf.o)
 .debug_line    0x00000662       0xd3 d:/imt/00- imt tools/02-arm/03- imt sdk/imt_sdk_win_64/winavr/bin/../lib/gcc/avr/4.3.3/avr5\libgcc.a(_ge_sf.o)
 .debug_line    0x00000735       0xd3 d:/imt/00- imt tools/02-arm/03- imt sdk/imt_sdk_win_64/winavr/bin/../lib/gcc/avr/4.3.3/avr5\libgcc.a(_lt_sf.o)
 .debug_line    0x00000808      0x109 d:/imt/00- imt tools/02-arm/03- imt sdk/imt_sdk_win_64/winavr/bin/../lib/gcc/avr/4.3.3/avr5\libgcc.a(_sf_to_si.o)
 .debug_line    0x00000911       0x90 d:/imt/00- imt tools/02-arm/03- imt sdk/imt_sdk_win_64/winavr/bin/../lib/gcc/avr/4.3.3/avr5\libgcc.a(_thenan_sf.o)
 .debug_line    0x000009a1      0x18a d:/imt/00- imt tools/02-arm/03- imt sdk/imt_sdk_win_64/winavr/bin/../lib/gcc/avr/4.3.3/avr5\libgcc.a(_pack_sf.o)
 .debug_line    0x00000b2b      0x14b d:/imt/00- imt tools/02-arm/03- imt sdk/imt_sdk_win_64/winavr/bin/../lib/gcc/avr/4.3.3/avr5\libgcc.a(_unpack_sf.o)
 .debug_line    0x00000c76      0x137 d:/imt/00- imt tools/02-arm/03- imt sdk/imt_sdk_win_64/winavr/bin/../lib/gcc/avr/4.3.3/avr5\libgcc.a(_fpcmp_parts_sf.o)

.debug_frame    0x00000000      0x160
 *(.debug_frame)
 .debug_frame   0x00000000       0x20 d:/imt/00- imt tools/02-arm/03- imt sdk/imt_sdk_win_64/winavr/bin/../lib/gcc/avr/4.3.3/avr5\libgcc.a(_fixunssfsi.o)
 .debug_frame   0x00000020       0x40 d:/imt/00- imt tools/02-arm/03- imt sdk/imt_sdk_win_64/winavr/bin/../lib/gcc/avr/4.3.3/avr5\libgcc.a(_addsub_sf.o)
 .debug_frame   0x00000060       0x20 d:/imt/00- imt tools/02-arm/03- imt sdk/imt_sdk_win_64/winavr/bin/../lib/gcc/avr/4.3.3/avr5\libgcc.a(_mul_sf.o)
 .debug_frame   0x00000080       0x20 d:/imt/00- imt tools/02-arm/03- imt sdk/imt_sdk_win_64/winavr/bin/../lib/gcc/avr/4.3.3/avr5\libgcc.a(_gt_sf.o)
 .debug_frame   0x000000a0       0x20 d:/imt/00- imt tools/02-arm/03- imt sdk/imt_sdk_win_64/winavr/bin/../lib/gcc/avr/4.3.3/avr5\libgcc.a(_ge_sf.o)
 .debug_frame   0x000000c0       0x20 d:/imt/00- imt tools/02-arm/03- imt sdk/imt_sdk_win_64/winavr/bin/../lib/gcc/avr/4.3.3/avr5\libgcc.a(_lt_sf.o)
 .debug_frame   0x000000e0       0x20 d:/imt/00- imt tools/02-arm/03- imt sdk/imt_sdk_win_64/winavr/bin/../lib/gcc/avr/4.3.3/avr5\libgcc.a(_sf_to_si.o)
 .debug_frame   0x00000100       0x20 d:/imt/00- imt tools/02-arm/03- imt sdk/imt_sdk_win_64/winavr/bin/../lib/gcc/avr/4.3.3/avr5\libgcc.a(_pack_sf.o)
 .debug_frame   0x00000120       0x20 d:/imt/00- imt tools/02-arm/03- imt sdk/imt_sdk_win_64/winavr/bin/../lib/gcc/avr/4.3.3/avr5\libgcc.a(_unpack_sf.o)
 .debug_frame   0x00000140       0x20 d:/imt/00- imt tools/02-arm/03- imt sdk/imt_sdk_win_64/winavr/bin/../lib/gcc/avr/4.3.3/avr5\libgcc.a(_fpcmp_parts_sf.o)

.debug_str      0x00000000      0x28d
 *(.debug_str)
 .debug_str     0x00000000       0xbf d:/imt/00- imt tools/02-arm/03- imt sdk/imt_sdk_win_64/winavr/bin/../lib/gcc/avr/4.3.3/avr5\libgcc.a(_fixunssfsi.o)
                                 0xfe (size before relaxing)
 .debug_str     0x000000bf      0x14d d:/imt/00- imt tools/02-arm/03- imt sdk/imt_sdk_win_64/winavr/bin/../lib/gcc/avr/4.3.3/avr5\libgcc.a(_addsub_sf.o)
                                0x206 (size before relaxing)
 .debug_str     0x0000020c       0x27 d:/imt/00- imt tools/02-arm/03- imt sdk/imt_sdk_win_64/winavr/bin/../lib/gcc/avr/4.3.3/avr5\libgcc.a(_mul_sf.o)
                                0x1bf (size before relaxing)
 .debug_str     0x00000233        0xf d:/imt/00- imt tools/02-arm/03- imt sdk/imt_sdk_win_64/winavr/bin/../lib/gcc/avr/4.3.3/avr5\libgcc.a(_gt_sf.o)
                                0x195 (size before relaxing)
 .debug_str     0x00000242        0x8 d:/imt/00- imt tools/02-arm/03- imt sdk/imt_sdk_win_64/winavr/bin/../lib/gcc/avr/4.3.3/avr5\libgcc.a(_ge_sf.o)
                                0x195 (size before relaxing)
 .debug_str     0x0000024a        0x8 d:/imt/00- imt tools/02-arm/03- imt sdk/imt_sdk_win_64/winavr/bin/../lib/gcc/avr/4.3.3/avr5\libgcc.a(_lt_sf.o)
                                0x195 (size before relaxing)
 .debug_str     0x00000252        0xa d:/imt/00- imt tools/02-arm/03- imt sdk/imt_sdk_win_64/winavr/bin/../lib/gcc/avr/4.3.3/avr5\libgcc.a(_sf_to_si.o)
                                0x19e (size before relaxing)
 .debug_str     0x00000000      0x103 d:/imt/00- imt tools/02-arm/03- imt sdk/imt_sdk_win_64/winavr/bin/../lib/gcc/avr/4.3.3/avr5\libgcc.a(_thenan_sf.o)
 .debug_str     0x0000025c       0x16 d:/imt/00- imt tools/02-arm/03- imt sdk/imt_sdk_win_64/winavr/bin/../lib/gcc/avr/4.3.3/avr5\libgcc.a(_pack_sf.o)
                                0x19d (size before relaxing)
 .debug_str     0x00000272        0xb d:/imt/00- imt tools/02-arm/03- imt sdk/imt_sdk_win_64/winavr/bin/../lib/gcc/avr/4.3.3/avr5\libgcc.a(_unpack_sf.o)
                                0x17f (size before relaxing)
 .debug_str     0x0000027d       0x10 d:/imt/00- imt tools/02-arm/03- imt sdk/imt_sdk_win_64/winavr/bin/../lib/gcc/avr/4.3.3/avr5\libgcc.a(_fpcmp_parts_sf.o)
                                0x163 (size before relaxing)

.debug_loc      0x00000000      0x7ce
 *(.debug_loc)
 .debug_loc     0x00000000       0x34 d:/imt/00- imt tools/02-arm/03- imt sdk/imt_sdk_win_64/winavr/bin/../lib/gcc/avr/4.3.3/avr5\libgcc.a(_fixunssfsi.o)
 .debug_loc     0x00000034      0x32a d:/imt/00- imt tools/02-arm/03- imt sdk/imt_sdk_win_64/winavr/bin/../lib/gcc/avr/4.3.3/avr5\libgcc.a(_addsub_sf.o)
 .debug_loc     0x0000035e      0x104 d:/imt/00- imt tools/02-arm/03- imt sdk/imt_sdk_win_64/winavr/bin/../lib/gcc/avr/4.3.3/avr5\libgcc.a(_mul_sf.o)
 .debug_loc     0x00000462       0x3c d:/imt/00- imt tools/02-arm/03- imt sdk/imt_sdk_win_64/winavr/bin/../lib/gcc/avr/4.3.3/avr5\libgcc.a(_gt_sf.o)
 .debug_loc     0x0000049e       0x3c d:/imt/00- imt tools/02-arm/03- imt sdk/imt_sdk_win_64/winavr/bin/../lib/gcc/avr/4.3.3/avr5\libgcc.a(_ge_sf.o)
 .debug_loc     0x000004da       0x3c d:/imt/00- imt tools/02-arm/03- imt sdk/imt_sdk_win_64/winavr/bin/../lib/gcc/avr/4.3.3/avr5\libgcc.a(_lt_sf.o)
 .debug_loc     0x00000516       0x7e d:/imt/00- imt tools/02-arm/03- imt sdk/imt_sdk_win_64/winavr/bin/../lib/gcc/avr/4.3.3/avr5\libgcc.a(_sf_to_si.o)
 .debug_loc     0x00000594      0x13e d:/imt/00- imt tools/02-arm/03- imt sdk/imt_sdk_win_64/winavr/bin/../lib/gcc/avr/4.3.3/avr5\libgcc.a(_pack_sf.o)
 .debug_loc     0x000006d2       0xac d:/imt/00- imt tools/02-arm/03- imt sdk/imt_sdk_win_64/winavr/bin/../lib/gcc/avr/4.3.3/avr5\libgcc.a(_unpack_sf.o)
 .debug_loc     0x0000077e       0x50 d:/imt/00- imt tools/02-arm/03- imt sdk/imt_sdk_win_64/winavr/bin/../lib/gcc/avr/4.3.3/avr5\libgcc.a(_fpcmp_parts_sf.o)

.debug_macinfo
 *(.debug_macinfo)
OUTPUT(PROJECT.elf elf32-avr)
LOAD linker stubs

.debug_ranges   0x00000000       0x50
 .debug_ranges  0x00000000       0x50 d:/imt/00- imt tools/02-arm/03- imt sdk/imt_sdk_win_64/winavr/bin/../lib/gcc/avr/4.3.3/avr5\libgcc.a(_mul_sf.o)
